// Jest Snapshot v1, https://goo.gl/fbAQLP

exports[`<Container /> test container should renders correctly - snapshot 1`] = `
<div
  className="container"
/>
`;
